// Jest Snapshot v1, https://goo.gl/fbAQLP

exports[`Test Button component should render correctly based on last snapshot 1`] = `
ShallowWrapper {
  Symbol(enzyme.__root__): [Circular],
  Symbol(enzyme.__unrendered__): <Button
    block={false}
    className="aditionalClass"
    color="red"
    disabled={false}
    fill={false}
    htmlType="button"
    onClick={[Function]}
    onlyIcon={false}
    outline={false}
    round={false}
    size="default"
    uppercase={false}
  >
    <div>
      button content test
    </div>
  </Button>,
  Symbol(enzyme.__renderer__): Object {
    "batchedUpdates": [Function],
    "getNode": [Function],
    "render": [Function],
    "simulateError": [Function],
    "simulateEvent": [Function],
    "unmount": [Function],
  },
  Symbol(enzyme.__node__): Object {
    "instance": null,
    "key": undefined,
    "nodeType": "host",
    "props": Object {
      "children": <div>
        button content test
      </div>,
      "className": "button button--red aditionalClass",
      "disabled": false,
      "onClick": [Function],
      "type": "button",
    },
    "ref": null,
    "rendered": Object {
      "instance": null,
      "key": undefined,
      "nodeType": "host",
      "props": Object {
        "children": "button content test",
      },
      "ref": null,
      "rendered": "button content test",
      "type": "div",
    },
    "type": "button",
  },
  Symbol(enzyme.__nodes__): Array [
    Object {
      "instance": null,
      "key": undefined,
      "nodeType": "host",
      "props": Object {
        "children": <div>
          button content test
        </div>,
        "className": "button button--red aditionalClass",
        "disabled": false,
        "onClick": [Function],
        "type": "button",
      },
      "ref": null,
      "rendered": Object {
        "instance": null,
        "key": undefined,
        "nodeType": "host",
        "props": Object {
          "children": "button content test",
        },
        "ref": null,
        "rendered": "button content test",
        "type": "div",
      },
      "type": "button",
    },
  ],
  Symbol(enzyme.__options__): Object {
    "adapter": ReactSixteenAdapter {
      "options": Object {
        "enableComponentDidUpdateOnSetState": true,
        "lifecycles": Object {
          "componentDidUpdate": Object {
            "onSetState": true,
          },
          "getDerivedStateFromProps": true,
          "getSnapshotBeforeUpdate": true,
          "setState": Object {
            "skipsComponentDidUpdateOnNullish": true,
          },
        },
      },
    },
  },
}
`;
