// Jest Snapshot v1, https://goo.gl/fbAQLP

exports[`Test Drawer component should render correctly based on last snapshot 1`] = `
ShallowWrapper {
  Symbol(enzyme.__root__): [Circular],
  Symbol(enzyme.__unrendered__): <Drawer
    backdrop={true}
    className="aditionalClass"
    closeByBackdropClick={true}
    content={
      <div
        className="checkContent"
      >
        Test content
      </div>
    }
    onRequestClose={[Function]}
    placement="right"
    visible={true}
  />,
  Symbol(enzyme.__renderer__): Object {
    "batchedUpdates": [Function],
    "getNode": [Function],
    "render": [Function],
    "simulateError": [Function],
    "simulateEvent": [Function],
    "unmount": [Function],
  },
  Symbol(enzyme.__node__): Object {
    "instance": null,
    "key": undefined,
    "nodeType": "class",
    "props": Object {
      "children": Array [
        <div
          className="drawer__backdrop"
          onClick={[Function]}
        />,
        <div
          className="drawer drawer--right aditionalClass drawer--visible"
        >
          <div
            className="checkContent"
          >
            Test content
          </div>
        </div>,
      ],
    },
    "ref": null,
    "rendered": Array [
      Object {
        "instance": null,
        "key": undefined,
        "nodeType": "host",
        "props": Object {
          "className": "drawer__backdrop",
          "onClick": [Function],
        },
        "ref": null,
        "rendered": null,
        "type": "div",
      },
      Object {
        "instance": null,
        "key": undefined,
        "nodeType": "host",
        "props": Object {
          "children": <div
            className="checkContent"
          >
            Test content
          </div>,
          "className": "drawer drawer--right aditionalClass drawer--visible",
        },
        "ref": Object {
          "current": null,
        },
        "rendered": Object {
          "instance": null,
          "key": undefined,
          "nodeType": "host",
          "props": Object {
            "children": "Test content",
            "className": "checkContent",
          },
          "ref": null,
          "rendered": "Test content",
          "type": "div",
        },
        "type": "div",
      },
    ],
    "type": [Function],
  },
  Symbol(enzyme.__nodes__): Array [
    Object {
      "instance": null,
      "key": undefined,
      "nodeType": "class",
      "props": Object {
        "children": Array [
          <div
            className="drawer__backdrop"
            onClick={[Function]}
          />,
          <div
            className="drawer drawer--right aditionalClass drawer--visible"
          >
            <div
              className="checkContent"
            >
              Test content
            </div>
          </div>,
        ],
      },
      "ref": null,
      "rendered": Array [
        Object {
          "instance": null,
          "key": undefined,
          "nodeType": "host",
          "props": Object {
            "className": "drawer__backdrop",
            "onClick": [Function],
          },
          "ref": null,
          "rendered": null,
          "type": "div",
        },
        Object {
          "instance": null,
          "key": undefined,
          "nodeType": "host",
          "props": Object {
            "children": <div
              className="checkContent"
            >
              Test content
            </div>,
            "className": "drawer drawer--right aditionalClass drawer--visible",
          },
          "ref": Object {
            "current": null,
          },
          "rendered": Object {
            "instance": null,
            "key": undefined,
            "nodeType": "host",
            "props": Object {
              "children": "Test content",
              "className": "checkContent",
            },
            "ref": null,
            "rendered": "Test content",
            "type": "div",
          },
          "type": "div",
        },
      ],
      "type": [Function],
    },
  ],
  Symbol(enzyme.__options__): Object {
    "adapter": ReactSixteenAdapter {
      "options": Object {
        "enableComponentDidUpdateOnSetState": true,
        "lifecycles": Object {
          "componentDidUpdate": Object {
            "onSetState": true,
          },
          "getDerivedStateFromProps": true,
          "getSnapshotBeforeUpdate": true,
          "setState": Object {
            "skipsComponentDidUpdateOnNullish": true,
          },
        },
      },
    },
  },
}
`;
