// Jest Snapshot v1, https://goo.gl/fbAQLP

exports[`Test Tooltip component should render correctly based on last snapshot 1`] = `
ShallowWrapper {
  Symbol(enzyme.__root__): [Circular],
  Symbol(enzyme.__unrendered__): <Tooltip
    className=""
    mouseEnterDelay={600}
    text="Hello world!"
    withoutArrow={false}
  >
    <div
      className="check-children"
    >
      Hover me
    </div>
  </Tooltip>,
  Symbol(enzyme.__renderer__): Object {
    "batchedUpdates": [Function],
    "getNode": [Function],
    "render": [Function],
    "simulateError": [Function],
    "simulateEvent": [Function],
    "unmount": [Function],
  },
  Symbol(enzyme.__node__): Object {
    "instance": null,
    "key": undefined,
    "nodeType": "class",
    "props": Object {
      "backdrop": false,
      "children": <div
        className="check-children"
      >
        Hover me
      </div>,
      "className": "tooltip  ",
      "closeOnInnerClick": false,
      "color": "black",
      "content": "Hello world!",
      "mouseEnterDelay": 600,
      "placement": "bottom",
      "trigger": "hover",
      "withoutArrow": false,
    },
    "ref": null,
    "rendered": Object {
      "instance": null,
      "key": undefined,
      "nodeType": "host",
      "props": Object {
        "children": "Hover me",
        "className": "check-children",
      },
      "ref": null,
      "rendered": "Hover me",
      "type": "div",
    },
    "type": [Function],
  },
  Symbol(enzyme.__nodes__): Array [
    Object {
      "instance": null,
      "key": undefined,
      "nodeType": "class",
      "props": Object {
        "backdrop": false,
        "children": <div
          className="check-children"
        >
          Hover me
        </div>,
        "className": "tooltip  ",
        "closeOnInnerClick": false,
        "color": "black",
        "content": "Hello world!",
        "mouseEnterDelay": 600,
        "placement": "bottom",
        "trigger": "hover",
        "withoutArrow": false,
      },
      "ref": null,
      "rendered": Object {
        "instance": null,
        "key": undefined,
        "nodeType": "host",
        "props": Object {
          "children": "Hover me",
          "className": "check-children",
        },
        "ref": null,
        "rendered": "Hover me",
        "type": "div",
      },
      "type": [Function],
    },
  ],
  Symbol(enzyme.__options__): Object {
    "adapter": ReactSixteenAdapter {
      "options": Object {
        "enableComponentDidUpdateOnSetState": true,
        "lifecycles": Object {
          "componentDidUpdate": Object {
            "onSetState": true,
          },
          "getDerivedStateFromProps": true,
          "getSnapshotBeforeUpdate": true,
          "setState": Object {
            "skipsComponentDidUpdateOnNullish": true,
          },
        },
      },
    },
  },
}
`;
