// Jest Snapshot v1, https://goo.gl/fbAQLP

exports[`Test ActionSheet component should render correctly based on last snapshot 1`] = `
ShallowWrapper {
  Symbol(enzyme.__root__): [Circular],
  Symbol(enzyme.__unrendered__): <ActionSheet
    buttons={
      Array [
        <div
          className="button"
        />,
      ]
    }
    className="aditionalClass"
    closeOnInnerClick={true}
    content={null}
    onRequestClose={[Function]}
    visible={true}
  />,
  Symbol(enzyme.__renderer__): Object {
    "batchedUpdates": [Function],
    "getNode": [Function],
    "render": [Function],
    "simulateError": [Function],
    "simulateEvent": [Function],
    "unmount": [Function],
  },
  Symbol(enzyme.__node__): Object {
    "instance": null,
    "key": undefined,
    "nodeType": "class",
    "props": Object {
      "backdrop": true,
      "className": "action-sheet aditionalClass",
      "closeByBackdropClick": true,
      "content": <React.Fragment>
        <ButtonGroup
          className="modal__buttons"
          outline={false}
          round={false}
          vertical={true}
        >
          <div
            className="button"
          />
        </ButtonGroup>
      </React.Fragment>,
      "onClick": [Function],
      "onRequestClose": [Function],
      "placement": "bottom",
      "visible": true,
    },
    "ref": null,
    "rendered": null,
    "type": [Function],
  },
  Symbol(enzyme.__nodes__): Array [
    Object {
      "instance": null,
      "key": undefined,
      "nodeType": "class",
      "props": Object {
        "backdrop": true,
        "className": "action-sheet aditionalClass",
        "closeByBackdropClick": true,
        "content": <React.Fragment>
          <ButtonGroup
            className="modal__buttons"
            outline={false}
            round={false}
            vertical={true}
          >
            <div
              className="button"
            />
          </ButtonGroup>
        </React.Fragment>,
        "onClick": [Function],
        "onRequestClose": [Function],
        "placement": "bottom",
        "visible": true,
      },
      "ref": null,
      "rendered": null,
      "type": [Function],
    },
  ],
  Symbol(enzyme.__options__): Object {
    "adapter": ReactSixteenAdapter {
      "options": Object {
        "enableComponentDidUpdateOnSetState": true,
        "lifecycles": Object {
          "componentDidUpdate": Object {
            "onSetState": true,
          },
          "getDerivedStateFromProps": true,
          "getSnapshotBeforeUpdate": true,
          "setState": Object {
            "skipsComponentDidUpdateOnNullish": true,
          },
        },
      },
    },
  },
}
`;
