// Jest Snapshot v1, https://goo.gl/fbAQLP

exports[`Test Input component should render correctly based on last snapshot 1`] = `
ShallowWrapper {
  Symbol(enzyme.__root__): [Circular],
  Symbol(enzyme.__unrendered__): <Input
    autosize={false}
    block={false}
    className="aditionalClass"
    defaultValue="test value"
    htmlType="text"
    onBlur={[Function]}
    onCancel={[Function]}
    onEnter={[Function]}
    onFocus={[Function]}
    round={false}
  />,
  Symbol(enzyme.__renderer__): Object {
    "batchedUpdates": [Function],
    "getNode": [Function],
    "render": [Function],
    "simulateError": [Function],
    "simulateEvent": [Function],
    "unmount": [Function],
  },
  Symbol(enzyme.__node__): Object {
    "instance": null,
    "key": undefined,
    "nodeType": "host",
    "props": Object {
      "className": "input-text  aditionalClass",
      "defaultValue": "test value",
      "onBlur": [Function],
      "onFocus": [Function],
      "onKeyDown": [Function],
      "type": "text",
    },
    "ref": null,
    "rendered": null,
    "type": "input",
  },
  Symbol(enzyme.__nodes__): Array [
    Object {
      "instance": null,
      "key": undefined,
      "nodeType": "host",
      "props": Object {
        "className": "input-text  aditionalClass",
        "defaultValue": "test value",
        "onBlur": [Function],
        "onFocus": [Function],
        "onKeyDown": [Function],
        "type": "text",
      },
      "ref": null,
      "rendered": null,
      "type": "input",
    },
  ],
  Symbol(enzyme.__options__): Object {
    "adapter": ReactSixteenAdapter {
      "options": Object {
        "enableComponentDidUpdateOnSetState": true,
        "lifecycles": Object {
          "componentDidUpdate": Object {
            "onSetState": true,
          },
          "getDerivedStateFromProps": true,
          "getSnapshotBeforeUpdate": true,
          "setState": Object {
            "skipsComponentDidUpdateOnNullish": true,
          },
        },
      },
    },
  },
}
`;
