// Jest Snapshot v1, https://goo.gl/fbAQLP

exports[`Test Avatar component should render correctly based on last snapshot 1`] = `
ShallowWrapper {
  Symbol(enzyme.__root__): [Circular],
  Symbol(enzyme.__unrendered__): <Avatar
    className="aditionalClass"
    round={false}
    size="default"
    src="https://randomuser.me/api/portraits/women/94.jpg"
  />,
  Symbol(enzyme.__renderer__): Object {
    "batchedUpdates": [Function],
    "getNode": [Function],
    "render": [Function],
    "simulateError": [Function],
    "simulateEvent": [Function],
    "unmount": [Function],
  },
  Symbol(enzyme.__node__): Object {
    "instance": null,
    "key": undefined,
    "nodeType": "host",
    "props": Object {
      "className": "avatar  aditionalClass",
      "src": "https://randomuser.me/api/portraits/women/94.jpg",
      "style": Object {},
    },
    "ref": null,
    "rendered": null,
    "type": "img",
  },
  Symbol(enzyme.__nodes__): Array [
    Object {
      "instance": null,
      "key": undefined,
      "nodeType": "host",
      "props": Object {
        "className": "avatar  aditionalClass",
        "src": "https://randomuser.me/api/portraits/women/94.jpg",
        "style": Object {},
      },
      "ref": null,
      "rendered": null,
      "type": "img",
    },
  ],
  Symbol(enzyme.__options__): Object {
    "adapter": ReactSixteenAdapter {
      "options": Object {
        "enableComponentDidUpdateOnSetState": true,
        "lifecycles": Object {
          "componentDidUpdate": Object {
            "onSetState": true,
          },
          "getDerivedStateFromProps": true,
          "getSnapshotBeforeUpdate": true,
          "setState": Object {
            "skipsComponentDidUpdateOnNullish": true,
          },
        },
      },
    },
  },
}
`;
