// Jest Snapshot v1, https://goo.gl/fbAQLP

exports[`Test ButtonGroup component should render correctly based on last snapshot 1`] = `
ShallowWrapper {
  Symbol(enzyme.__root__): [Circular],
  Symbol(enzyme.__unrendered__): <ButtonGroup
    className="aditionalClass"
    outline={false}
    round={false}
    vertical={false}
  >
    <Button
      block={false}
      className=""
      color="blue"
      disabled={false}
      fill={false}
      htmlType="button"
      onClick={[Function]}
      onlyIcon={false}
      outline={false}
      round={false}
      size="default"
      uppercase={false}
    >
      Button 1
    </Button>
    <Button
      block={false}
      className=""
      color="blue"
      disabled={false}
      fill={false}
      htmlType="button"
      onClick={[Function]}
      onlyIcon={false}
      outline={false}
      round={false}
      size="default"
      uppercase={false}
    >
      Button 2
    </Button>
    <Button
      block={false}
      className=""
      color="blue"
      disabled={false}
      fill={false}
      htmlType="button"
      onClick={[Function]}
      onlyIcon={false}
      outline={false}
      round={false}
      size="default"
      uppercase={false}
    >
      Button 3
    </Button>
  </ButtonGroup>,
  Symbol(enzyme.__renderer__): Object {
    "batchedUpdates": [Function],
    "getNode": [Function],
    "render": [Function],
    "simulateError": [Function],
    "simulateEvent": [Function],
    "unmount": [Function],
  },
  Symbol(enzyme.__node__): Object {
    "instance": null,
    "key": undefined,
    "nodeType": "host",
    "props": Object {
      "children": Array [
        <Button
          block={false}
          className=""
          color="blue"
          disabled={false}
          fill={false}
          htmlType="button"
          onClick={[Function]}
          onlyIcon={false}
          outline={false}
          round={false}
          size="default"
          uppercase={false}
        >
          Button 1
        </Button>,
        <Button
          block={false}
          className=""
          color="blue"
          disabled={false}
          fill={false}
          htmlType="button"
          onClick={[Function]}
          onlyIcon={false}
          outline={false}
          round={false}
          size="default"
          uppercase={false}
        >
          Button 2
        </Button>,
        <Button
          block={false}
          className=""
          color="blue"
          disabled={false}
          fill={false}
          htmlType="button"
          onClick={[Function]}
          onlyIcon={false}
          outline={false}
          round={false}
          size="default"
          uppercase={false}
        >
          Button 3
        </Button>,
      ],
      "className": "button-group button-group--horizontal aditionalClass",
    },
    "ref": null,
    "rendered": Array [
      Object {
        "instance": null,
        "key": undefined,
        "nodeType": "function",
        "props": Object {
          "block": false,
          "children": "Button 1",
          "className": "",
          "color": "blue",
          "disabled": false,
          "fill": false,
          "htmlType": "button",
          "onClick": [Function],
          "onlyIcon": false,
          "outline": false,
          "round": false,
          "size": "default",
          "uppercase": false,
        },
        "ref": null,
        "rendered": "Button 1",
        "type": [Function],
      },
      Object {
        "instance": null,
        "key": undefined,
        "nodeType": "function",
        "props": Object {
          "block": false,
          "children": "Button 2",
          "className": "",
          "color": "blue",
          "disabled": false,
          "fill": false,
          "htmlType": "button",
          "onClick": [Function],
          "onlyIcon": false,
          "outline": false,
          "round": false,
          "size": "default",
          "uppercase": false,
        },
        "ref": null,
        "rendered": "Button 2",
        "type": [Function],
      },
      Object {
        "instance": null,
        "key": undefined,
        "nodeType": "function",
        "props": Object {
          "block": false,
          "children": "Button 3",
          "className": "",
          "color": "blue",
          "disabled": false,
          "fill": false,
          "htmlType": "button",
          "onClick": [Function],
          "onlyIcon": false,
          "outline": false,
          "round": false,
          "size": "default",
          "uppercase": false,
        },
        "ref": null,
        "rendered": "Button 3",
        "type": [Function],
      },
    ],
    "type": "div",
  },
  Symbol(enzyme.__nodes__): Array [
    Object {
      "instance": null,
      "key": undefined,
      "nodeType": "host",
      "props": Object {
        "children": Array [
          <Button
            block={false}
            className=""
            color="blue"
            disabled={false}
            fill={false}
            htmlType="button"
            onClick={[Function]}
            onlyIcon={false}
            outline={false}
            round={false}
            size="default"
            uppercase={false}
          >
            Button 1
          </Button>,
          <Button
            block={false}
            className=""
            color="blue"
            disabled={false}
            fill={false}
            htmlType="button"
            onClick={[Function]}
            onlyIcon={false}
            outline={false}
            round={false}
            size="default"
            uppercase={false}
          >
            Button 2
          </Button>,
          <Button
            block={false}
            className=""
            color="blue"
            disabled={false}
            fill={false}
            htmlType="button"
            onClick={[Function]}
            onlyIcon={false}
            outline={false}
            round={false}
            size="default"
            uppercase={false}
          >
            Button 3
          </Button>,
        ],
        "className": "button-group button-group--horizontal aditionalClass",
      },
      "ref": null,
      "rendered": Array [
        Object {
          "instance": null,
          "key": undefined,
          "nodeType": "function",
          "props": Object {
            "block": false,
            "children": "Button 1",
            "className": "",
            "color": "blue",
            "disabled": false,
            "fill": false,
            "htmlType": "button",
            "onClick": [Function],
            "onlyIcon": false,
            "outline": false,
            "round": false,
            "size": "default",
            "uppercase": false,
          },
          "ref": null,
          "rendered": "Button 1",
          "type": [Function],
        },
        Object {
          "instance": null,
          "key": undefined,
          "nodeType": "function",
          "props": Object {
            "block": false,
            "children": "Button 2",
            "className": "",
            "color": "blue",
            "disabled": false,
            "fill": false,
            "htmlType": "button",
            "onClick": [Function],
            "onlyIcon": false,
            "outline": false,
            "round": false,
            "size": "default",
            "uppercase": false,
          },
          "ref": null,
          "rendered": "Button 2",
          "type": [Function],
        },
        Object {
          "instance": null,
          "key": undefined,
          "nodeType": "function",
          "props": Object {
            "block": false,
            "children": "Button 3",
            "className": "",
            "color": "blue",
            "disabled": false,
            "fill": false,
            "htmlType": "button",
            "onClick": [Function],
            "onlyIcon": false,
            "outline": false,
            "round": false,
            "size": "default",
            "uppercase": false,
          },
          "ref": null,
          "rendered": "Button 3",
          "type": [Function],
        },
      ],
      "type": "div",
    },
  ],
  Symbol(enzyme.__options__): Object {
    "adapter": ReactSixteenAdapter {
      "options": Object {
        "enableComponentDidUpdateOnSetState": true,
        "lifecycles": Object {
          "componentDidUpdate": Object {
            "onSetState": true,
          },
          "getDerivedStateFromProps": true,
          "getSnapshotBeforeUpdate": true,
          "setState": Object {
            "skipsComponentDidUpdateOnNullish": true,
          },
        },
      },
    },
  },
}
`;
